
> weirdbites@0.3.0 test C:\Users\User\Documents\Workspaces\WeirdBites
> jest

PASS src/lib/api/__tests__/response.test.ts
PASS src/app/api/products/[id]/__tests__/route.test.ts
PASS src/__tests__/integration/seed.test.ts
PASS src/lib/__tests__/features.test.ts
PASS src/lib/__tests__/pagination.test.ts
PASS src/__tests__/integration/api-products.test.ts
PASS src/app/products/__tests__/page.test.tsx
  ● Console

    console.error
      Error fetching products: TypeError: Cannot read properties of undefined (reading 'map')
          at map (C:\Users\User\Documents\Workspaces\WeirdBites\src\lib\products.ts:45:52)
          at processTicksAndRejections (node:internal/process/task_queues:95:5)
          at ProductsPage (C:\Users\User\Documents\Workspaces\WeirdBites\src\app\products\page.tsx:25:43)
          at Object.<anonymous> (C:\Users\User\Documents\Workspaces\WeirdBites\src\app\products\__tests__\page.test.tsx:46:20)

    [0m [90m 58 |[39m     }[33m;[39m
     [90m 59 |[39m   } [36mcatch[39m (error) {
    [31m[1m>[22m[39m[90m 60 |[39m     console[33m.[39merror([32m'Error fetching products:'[39m[33m,[39m error)[33m;[39m
     [90m    |[39m             [31m[1m^[22m[39m
     [90m 61 |[39m     [36mreturn[39m {
     [90m 62 |[39m       products[33m:[39m [][33m,[39m
     [90m 63 |[39m       pagination[33m:[39m {[0m

      at error (src/lib/products.ts:60:13)
      at ProductsPage (src/app/products/page.tsx:25:43)
      at Object.<anonymous> (src/app/products/__tests__/page.test.tsx:46:20)

    console.error
      Error fetching products: TypeError: Cannot read properties of undefined (reading 'map')
          at map (C:\Users\User\Documents\Workspaces\WeirdBites\src\lib\products.ts:45:52)
          at processTicksAndRejections (node:internal/process/task_queues:95:5)
          at ProductsPage (C:\Users\User\Documents\Workspaces\WeirdBites\src\app\products\page.tsx:25:43)
          at Object.<anonymous> (C:\Users\User\Documents\Workspaces\WeirdBites\src\app\products\__tests__\page.test.tsx:55:20)

    [0m [90m 58 |[39m     }[33m;[39m
     [90m 59 |[39m   } [36mcatch[39m (error) {
    [31m[1m>[22m[39m[90m 60 |[39m     console[33m.[39merror([32m'Error fetching products:'[39m[33m,[39m error)[33m;[39m
     [90m    |[39m             [31m[1m^[22m[39m
     [90m 61 |[39m     [36mreturn[39m {
     [90m 62 |[39m       products[33m:[39m [][33m,[39m
     [90m 63 |[39m       pagination[33m:[39m {[0m

      at error (src/lib/products.ts:60:13)
      at ProductsPage (src/app/products/page.tsx:25:43)
      at Object.<anonymous> (src/app/products/__tests__/page.test.tsx:55:20)

    console.error
      Error fetching products: Error: Database error
          at Object.<anonymous> (C:\Users\User\Documents\Workspaces\WeirdBites\src\app\products\__tests__\page.test.tsx:178:50)
          at Promise.finally.completed (C:\Users\User\Documents\Workspaces\WeirdBites\node_modules\.pnpm\jest-circus@30.2.0\node_modules\jest-circus\build\jestAdapterInit.js:1557:28)
          at new Promise (<anonymous>)
          at callAsyncCircusFn (C:\Users\User\Documents\Workspaces\WeirdBites\node_modules\.pnpm\jest-circus@30.2.0\node_modules\jest-circus\build\jestAdapterInit.js:1497:10)
          at _callCircusTest (C:\Users\User\Documents\Workspaces\WeirdBites\node_modules\.pnpm\jest-circus@30.2.0\node_modules\jest-circus\build\jestAdapterInit.js:1007:40)
          at processTicksAndRejections (node:internal/process/task_queues:95:5)
          at _runTest (C:\Users\User\Documents\Workspaces\WeirdBites\node_modules\.pnpm\jest-circus@30.2.0\node_modules\jest-circus\build\jestAdapterInit.js:947:3)
          at C:\Users\User\Documents\Workspaces\WeirdBites\node_modules\.pnpm\jest-circus@30.2.0\node_modules\jest-circus\build\jestAdapterInit.js:849:7
          at _runTestsForDescribeBlock (C:\Users\User\Documents\Workspaces\WeirdBites\node_modules\.pnpm\jest-circus@30.2.0\node_modules\jest-circus\build\jestAdapterInit.js:862:11)
          at _runTestsForDescribeBlock (C:\Users\User\Documents\Workspaces\WeirdBites\node_modules\.pnpm\jest-circus@30.2.0\node_modules\jest-circus\build\jestAdapterInit.js:857:11)
          at _runTestsForDescribeBlock (C:\Users\User\Documents\Workspaces\WeirdBites\node_modules\.pnpm\jest-circus@30.2.0\node_modules\jest-circus\build\jestAdapterInit.js:857:11)
          at run (C:\Users\User\Documents\Workspaces\WeirdBites\node_modules\.pnpm\jest-circus@30.2.0\node_modules\jest-circus\build\jestAdapterInit.js:761:3)
          at runAndTransformResultsToJestFormat (C:\Users\User\Documents\Workspaces\WeirdBites\node_modules\.pnpm\jest-circus@30.2.0\node_modules\jest-circus\build\jestAdapterInit.js:1918:21)
          at jestAdapter (C:\Users\User\Documents\Workspaces\WeirdBites\node_modules\.pnpm\jest-circus@30.2.0\node_modules\jest-circus\build\runner.js:101:19)
          at runTestInternal (C:\Users\User\Documents\Workspaces\WeirdBites\node_modules\.pnpm\jest-runner@30.2.0\node_modules\jest-runner\build\testWorker.js:275:16)
          at runTest (C:\Users\User\Documents\Workspaces\WeirdBites\node_modules\.pnpm\jest-runner@30.2.0\node_modules\jest-runner\build\testWorker.js:343:7)
          at Object.worker (C:\Users\User\Documents\Workspaces\WeirdBites\node_modules\.pnpm\jest-runner@30.2.0\node_modules\jest-runner\build\testWorker.js:497:12)

    [0m [90m 58 |[39m     }[33m;[39m
     [90m 59 |[39m   } [36mcatch[39m (error) {
    [31m[1m>[22m[39m[90m 60 |[39m     console[33m.[39merror([32m'Error fetching products:'[39m[33m,[39m error)[33m;[39m
     [90m    |[39m             [31m[1m^[22m[39m
     [90m 61 |[39m     [36mreturn[39m {
     [90m 62 |[39m       products[33m:[39m [][33m,[39m
     [90m 63 |[39m       pagination[33m:[39m {[0m

      at error (src/lib/products.ts:60:13)
      at ProductsPage (src/app/products/page.tsx:25:43)
      at Object.<anonymous> (src/app/products/__tests__/page.test.tsx:182:20)

PASS src/__tests__/integration/api-products-id.test.ts
PASS src/components/__tests__/loading-skeleton.test.tsx
PASS src/hooks/__tests__/useFeature.test.ts
PASS src/components/__tests__/product-grid.test.tsx
PASS src/components/navigation/__tests__/navbar.test.tsx
PASS src/components/__tests__/product-card.test.tsx
  ● Console

    console.error
      Received `true` for a non-boolean attribute `fill`.
      
      If you want to write it to the DOM, pass a string instead: fill="true" or fill={value.toString()}.

    [0m [90m 37 |[39m   describe([32m'Happy Path'[39m[33m,[39m () [33m=>[39m {
     [90m 38 |[39m     it([32m'should render product name'[39m[33m,[39m () [33m=>[39m {
    [31m[1m>[22m[39m[90m 39 |[39m       render([33m<[39m[33mProductCard[39m product[33m=[39m{mockProduct} [33m/[39m[33m>[39m)[33m;[39m
     [90m    |[39m             [31m[1m^[22m[39m
     [90m 40 |[39m       expect(screen[33m.[39mgetByText([32m'Durian Chips'[39m))[33m.[39mtoBeInTheDocument()[33m;[39m
     [90m 41 |[39m     })[33m;[39m
     [90m 42 |[39m[0m

      at validateProperty (node_modules/.pnpm/react-dom@19.2.0_react@19.2.0/node_modules/react-dom/cjs/react-dom-client.development.js:3070:27)
      at warnUnknownProperties (node_modules/.pnpm/react-dom@19.2.0_react@19.2.0/node_modules/react-dom/cjs/react-dom-client.development.js:3146:9)
      at validatePropertiesInDevelopment (node_modules/.pnpm/react-dom@19.2.0_react@19.2.0/node_modules/react-dom/cjs/react-dom-client.development.js:19868:9)
      at setInitialProperties (node_modules/.pnpm/react-dom@19.2.0_react@19.2.0/node_modules/react-dom/cjs/react-dom-client.development.js:20491:7)
      at completeWork (node_modules/.pnpm/react-dom@19.2.0_react@19.2.0/node_modules/react-dom/cjs/react-dom-client.development.js:12662:18)
      at runWithFiberInDEV (node_modules/.pnpm/react-dom@19.2.0_react@19.2.0/node_modules/react-dom/cjs/react-dom-client.development.js:874:13)
      at completeUnitOfWork (node_modules/.pnpm/react-dom@19.2.0_react@19.2.0/node_modules/react-dom/cjs/react-dom-client.development.js:17777:19)
      at performUnitOfWork (node_modules/.pnpm/react-dom@19.2.0_react@19.2.0/node_modules/react-dom/cjs/react-dom-client.development.js:17658:11)
      at workLoopSync (node_modules/.pnpm/react-dom@19.2.0_react@19.2.0/node_modules/react-dom/cjs/react-dom-client.development.js:17469:41)
      at renderRootSync (node_modules/.pnpm/react-dom@19.2.0_react@19.2.0/node_modules/react-dom/cjs/react-dom-client.development.js:17450:11)
      at performWorkOnRoot (node_modules/.pnpm/react-dom@19.2.0_react@19.2.0/node_modules/react-dom/cjs/react-dom-client.development.js:16504:11)
      at performWorkOnRootViaSchedulerTask (node_modules/.pnpm/react-dom@19.2.0_react@19.2.0/node_modules/react-dom/cjs/react-dom-client.development.js:18957:7)
      at flushActQueue (node_modules/.pnpm/react@19.2.0/node_modules/react/cjs/react.development.js:590:34)
      at process.env.NODE_ENV.exports.act (node_modules/.pnpm/react@19.2.0/node_modules/react/cjs/react.development.js:884:10)
      at node_modules/.pnpm/@testing-library+react@16.3_15d474de7481bb0af842c1b1705139a8/node_modules/@testing-library/react/dist/act-compat.js:47:25
      at renderRoot (node_modules/.pnpm/@testing-library+react@16.3_15d474de7481bb0af842c1b1705139a8/node_modules/@testing-library/react/dist/pure.js:190:26)
      at render (node_modules/.pnpm/@testing-library+react@16.3_15d474de7481bb0af842c1b1705139a8/node_modules/@testing-library/react/dist/pure.js:292:10)
      at Object.<anonymous> (src/components/__tests__/product-card.test.tsx:39:13)

PASS src/app/products/[id]/__tests__/page.test.tsx
  ● Console

    console.error
      Received `true` for a non-boolean attribute `fill`.
      
      If you want to write it to the DOM, pass a string instead: fill="true" or fill={value.toString()}.

    [0m [90m 45 |[39m     [90m// Act[39m
     [90m 46 |[39m     [36mconst[39m page [33m=[39m [36mawait[39m [33mProductDetailPage[39m({ params[33m:[39m [33mPromise[39m[33m.[39mresolve({ id[33m:[39m [32m'test-product-id'[39m }) })[33m;[39m
    [31m[1m>[22m[39m[90m 47 |[39m     render(page)[33m;[39m
     [90m    |[39m           [31m[1m^[22m[39m
     [90m 48 |[39m
     [90m 49 |[39m     [90m// Assert[39m
     [90m 50 |[39m     expect(screen[33m.[39mgetByText([32m'Durian Chips'[39m))[33m.[39mtoBeInTheDocument()[33m;[39m[0m

      at validateProperty (node_modules/.pnpm/react-dom@19.2.0_react@19.2.0/node_modules/react-dom/cjs/react-dom-client.development.js:3070:27)
      at warnUnknownProperties (node_modules/.pnpm/react-dom@19.2.0_react@19.2.0/node_modules/react-dom/cjs/react-dom-client.development.js:3146:9)
      at validatePropertiesInDevelopment (node_modules/.pnpm/react-dom@19.2.0_react@19.2.0/node_modules/react-dom/cjs/react-dom-client.development.js:19868:9)
      at setInitialProperties (node_modules/.pnpm/react-dom@19.2.0_react@19.2.0/node_modules/react-dom/cjs/react-dom-client.development.js:20491:7)
      at completeWork (node_modules/.pnpm/react-dom@19.2.0_react@19.2.0/node_modules/react-dom/cjs/react-dom-client.development.js:12662:18)
      at runWithFiberInDEV (node_modules/.pnpm/react-dom@19.2.0_react@19.2.0/node_modules/react-dom/cjs/react-dom-client.development.js:874:13)
      at completeUnitOfWork (node_modules/.pnpm/react-dom@19.2.0_react@19.2.0/node_modules/react-dom/cjs/react-dom-client.development.js:17777:19)
      at performUnitOfWork (node_modules/.pnpm/react-dom@19.2.0_react@19.2.0/node_modules/react-dom/cjs/react-dom-client.development.js:17658:11)
      at workLoopSync (node_modules/.pnpm/react-dom@19.2.0_react@19.2.0/node_modules/react-dom/cjs/react-dom-client.development.js:17469:41)
      at renderRootSync (node_modules/.pnpm/react-dom@19.2.0_react@19.2.0/node_modules/react-dom/cjs/react-dom-client.development.js:17450:11)
      at performWorkOnRoot (node_modules/.pnpm/react-dom@19.2.0_react@19.2.0/node_modules/react-dom/cjs/react-dom-client.development.js:16504:11)
      at performWorkOnRootViaSchedulerTask (node_modules/.pnpm/react-dom@19.2.0_react@19.2.0/node_modules/react-dom/cjs/react-dom-client.development.js:18957:7)
      at flushActQueue (node_modules/.pnpm/react@19.2.0/node_modules/react/cjs/react.development.js:590:34)
      at process.env.NODE_ENV.exports.act (node_modules/.pnpm/react@19.2.0/node_modules/react/cjs/react.development.js:884:10)
      at node_modules/.pnpm/@testing-library+react@16.3_15d474de7481bb0af842c1b1705139a8/node_modules/@testing-library/react/dist/act-compat.js:47:25
      at renderRoot (node_modules/.pnpm/@testing-library+react@16.3_15d474de7481bb0af842c1b1705139a8/node_modules/@testing-library/react/dist/pure.js:190:26)
      at render (node_modules/.pnpm/@testing-library+react@16.3_15d474de7481bb0af842c1b1705139a8/node_modules/@testing-library/react/dist/pure.js:292:10)
      at Object.<anonymous> (src/app/products/[id]/__tests__/page.test.tsx:47:11)

    console.error
      Received `true` for a non-boolean attribute `priority`.
      
      If you want to write it to the DOM, pass a string instead: priority="true" or priority={value.toString()}.

    [0m [90m 45 |[39m     [90m// Act[39m
     [90m 46 |[39m     [36mconst[39m page [33m=[39m [36mawait[39m [33mProductDetailPage[39m({ params[33m:[39m [33mPromise[39m[33m.[39mresolve({ id[33m:[39m [32m'test-product-id'[39m }) })[33m;[39m
    [31m[1m>[22m[39m[90m 47 |[39m     render(page)[33m;[39m
     [90m    |[39m           [31m[1m^[22m[39m
     [90m 48 |[39m
     [90m 49 |[39m     [90m// Assert[39m
     [90m 50 |[39m     expect(screen[33m.[39mgetByText([32m'Durian Chips'[39m))[33m.[39mtoBeInTheDocument()[33m;[39m[0m

      at validateProperty (node_modules/.pnpm/react-dom@19.2.0_react@19.2.0/node_modules/react-dom/cjs/react-dom-client.development.js:3070:27)
      at warnUnknownProperties (node_modules/.pnpm/react-dom@19.2.0_react@19.2.0/node_modules/react-dom/cjs/react-dom-client.development.js:3146:9)
      at validatePropertiesInDevelopment (node_modules/.pnpm/react-dom@19.2.0_react@19.2.0/node_modules/react-dom/cjs/react-dom-client.development.js:19868:9)
      at setInitialProperties (node_modules/.pnpm/react-dom@19.2.0_react@19.2.0/node_modules/react-dom/cjs/react-dom-client.development.js:20491:7)
      at completeWork (node_modules/.pnpm/react-dom@19.2.0_react@19.2.0/node_modules/react-dom/cjs/react-dom-client.development.js:12662:18)
      at runWithFiberInDEV (node_modules/.pnpm/react-dom@19.2.0_react@19.2.0/node_modules/react-dom/cjs/react-dom-client.development.js:874:13)
      at completeUnitOfWork (node_modules/.pnpm/react-dom@19.2.0_react@19.2.0/node_modules/react-dom/cjs/react-dom-client.development.js:17777:19)
      at performUnitOfWork (node_modules/.pnpm/react-dom@19.2.0_react@19.2.0/node_modules/react-dom/cjs/react-dom-client.development.js:17658:11)
      at workLoopSync (node_modules/.pnpm/react-dom@19.2.0_react@19.2.0/node_modules/react-dom/cjs/react-dom-client.development.js:17469:41)
      at renderRootSync (node_modules/.pnpm/react-dom@19.2.0_react@19.2.0/node_modules/react-dom/cjs/react-dom-client.development.js:17450:11)
      at performWorkOnRoot (node_modules/.pnpm/react-dom@19.2.0_react@19.2.0/node_modules/react-dom/cjs/react-dom-client.development.js:16504:11)
      at performWorkOnRootViaSchedulerTask (node_modules/.pnpm/react-dom@19.2.0_react@19.2.0/node_modules/react-dom/cjs/react-dom-client.development.js:18957:7)
      at flushActQueue (node_modules/.pnpm/react@19.2.0/node_modules/react/cjs/react.development.js:590:34)
      at process.env.NODE_ENV.exports.act (node_modules/.pnpm/react@19.2.0/node_modules/react/cjs/react.development.js:884:10)
      at node_modules/.pnpm/@testing-library+react@16.3_15d474de7481bb0af842c1b1705139a8/node_modules/@testing-library/react/dist/act-compat.js:47:25
      at renderRoot (node_modules/.pnpm/@testing-library+react@16.3_15d474de7481bb0af842c1b1705139a8/node_modules/@testing-library/react/dist/pure.js:190:26)
      at render (node_modules/.pnpm/@testing-library+react@16.3_15d474de7481bb0af842c1b1705139a8/node_modules/@testing-library/react/dist/pure.js:292:10)
      at Object.<anonymous> (src/app/products/[id]/__tests__/page.test.tsx:47:11)

PASS src/components/__tests__/pagination.test.tsx

Test Suites: 15 passed, 15 total
Tests:       147 passed, 147 total
Snapshots:   0 total
Time:        5.337 s
Ran all test suites.
